../Core/Src/MCAL/MSPI/MSPI_prog.c:31:6:MSPI_vMasterInit	16	static
../Core/Src/MCAL/MSPI/MSPI_prog.c:40:6:MSPI_vSlaveInit	16	static
../Core/Src/MCAL/MSPI/MSPI_prog.c:49:5:MSPI1_u16Transeive	16	static
../Core/Src/MCAL/MSPI/MSPI_prog.c:56:5:MSPI2_u16Transeive	16	static
../Core/Src/MCAL/MSPI/MSPI_prog.c:63:5:MSPI3_u16Transeive	16	static
../Core/Src/MCAL/MSPI/MSPI_prog.c:70:5:MSPI4_u16Transeive	16	static
../Core/Src/MCAL/MSPI/MSPI_prog.c:76:6:MSPI_voidSetCallBack	16	static
../Core/Src/MCAL/MSPI/MSPI_prog.c:89:6:SPI1_IRQHandler	8	static
../Core/Src/MCAL/MSPI/MSPI_prog.c:97:6:SPI2_IRQHandler	8	static
../Core/Src/MCAL/MSPI/MSPI_prog.c:105:6:SPI3_IRQHandler	8	static
../Core/Src/MCAL/MSPI/MSPI_prog.c:113:6:SPI4_IRQHandler	8	static
../Core/Src/MCAL/MSPI/MSPI_prog.c:126:13:MSPI1_privateMasterInit	4	static
../Core/Src/MCAL/MSPI/MSPI_prog.c:161:13:MSPI2_privateMasterInit	4	static
../Core/Src/MCAL/MSPI/MSPI_prog.c:196:13:MSPI3_privateMasterInit	4	static
../Core/Src/MCAL/MSPI/MSPI_prog.c:231:13:MSPI4_privateMasterInit	4	static
../Core/Src/MCAL/MSPI/MSPI_prog.c:267:13:MSPI1_privateSlaveInit	4	static
../Core/Src/MCAL/MSPI/MSPI_prog.c:303:13:MSPI2_privateSlaveInit	4	static
../Core/Src/MCAL/MSPI/MSPI_prog.c:338:13:MSPI3_privateSlaveInit	4	static
../Core/Src/MCAL/MSPI/MSPI_prog.c:373:13:MSPI4_privateSlaveInit	4	static
