Archive member included to satisfy reference by file (symbol)

c:/st/stm32cubeide_1.12.0/stm32cubeide/plugins/com.st.stm32cube.ide.mcu.externaltools.gnu-tools-for-stm32.10.3-2021.10.win32_1.0.200.202301161003/tools/bin/../lib/gcc/arm-none-eabi/10.3.1/../../../../arm-none-eabi/lib/thumb/v7e-m+fp/hard\libc_nano.a(lib_a-errno.o)
                              ./Core/Src/syscalls.o (__errno)
c:/st/stm32cubeide_1.12.0/stm32cubeide/plugins/com.st.stm32cube.ide.mcu.externaltools.gnu-tools-for-stm32.10.3-2021.10.win32_1.0.200.202301161003/tools/bin/../lib/gcc/arm-none-eabi/10.3.1/../../../../arm-none-eabi/lib/thumb/v7e-m+fp/hard\libc_nano.a(lib_a-exit.o)
                              c:/st/stm32cubeide_1.12.0/stm32cubeide/plugins/com.st.stm32cube.ide.mcu.externaltools.gnu-tools-for-stm32.10.3-2021.10.win32_1.0.200.202301161003/tools/bin/../lib/gcc/arm-none-eabi/10.3.1/../../../../arm-none-eabi/lib/thumb/v7e-m+fp/hard/crt0.o (exit)
c:/st/stm32cubeide_1.12.0/stm32cubeide/plugins/com.st.stm32cube.ide.mcu.externaltools.gnu-tools-for-stm32.10.3-2021.10.win32_1.0.200.202301161003/tools/bin/../lib/gcc/arm-none-eabi/10.3.1/../../../../arm-none-eabi/lib/thumb/v7e-m+fp/hard\libc_nano.a(lib_a-impure.o)
                              c:/st/stm32cubeide_1.12.0/stm32cubeide/plugins/com.st.stm32cube.ide.mcu.externaltools.gnu-tools-for-stm32.10.3-2021.10.win32_1.0.200.202301161003/tools/bin/../lib/gcc/arm-none-eabi/10.3.1/../../../../arm-none-eabi/lib/thumb/v7e-m+fp/hard\libc_nano.a(lib_a-exit.o) (_global_impure_ptr)
c:/st/stm32cubeide_1.12.0/stm32cubeide/plugins/com.st.stm32cube.ide.mcu.externaltools.gnu-tools-for-stm32.10.3-2021.10.win32_1.0.200.202301161003/tools/bin/../lib/gcc/arm-none-eabi/10.3.1/../../../../arm-none-eabi/lib/thumb/v7e-m+fp/hard\libc_nano.a(lib_a-init.o)
                              c:/st/stm32cubeide_1.12.0/stm32cubeide/plugins/com.st.stm32cube.ide.mcu.externaltools.gnu-tools-for-stm32.10.3-2021.10.win32_1.0.200.202301161003/tools/bin/../lib/gcc/arm-none-eabi/10.3.1/../../../../arm-none-eabi/lib/thumb/v7e-m+fp/hard/crt0.o (__libc_init_array)
c:/st/stm32cubeide_1.12.0/stm32cubeide/plugins/com.st.stm32cube.ide.mcu.externaltools.gnu-tools-for-stm32.10.3-2021.10.win32_1.0.200.202301161003/tools/bin/../lib/gcc/arm-none-eabi/10.3.1/../../../../arm-none-eabi/lib/thumb/v7e-m+fp/hard\libc_nano.a(lib_a-memset.o)
                              c:/st/stm32cubeide_1.12.0/stm32cubeide/plugins/com.st.stm32cube.ide.mcu.externaltools.gnu-tools-for-stm32.10.3-2021.10.win32_1.0.200.202301161003/tools/bin/../lib/gcc/arm-none-eabi/10.3.1/../../../../arm-none-eabi/lib/thumb/v7e-m+fp/hard/crt0.o (memset)
c:/st/stm32cubeide_1.12.0/stm32cubeide/plugins/com.st.stm32cube.ide.mcu.externaltools.gnu-tools-for-stm32.10.3-2021.10.win32_1.0.200.202301161003/tools/bin/../lib/gcc/arm-none-eabi/10.3.1/thumb/v7e-m+fp/hard\libgcc.a(_aeabi_uldivmod.o)
                              ./Drivers/STM32F4xx_HAL_Driver/Src/stm32f4xx_hal_rcc.o (__aeabi_uldivmod)
c:/st/stm32cubeide_1.12.0/stm32cubeide/plugins/com.st.stm32cube.ide.mcu.externaltools.gnu-tools-for-stm32.10.3-2021.10.win32_1.0.200.202301161003/tools/bin/../lib/gcc/arm-none-eabi/10.3.1/thumb/v7e-m+fp/hard\libgcc.a(_udivmoddi4.o)
                              c:/st/stm32cubeide_1.12.0/stm32cubeide/plugins/com.st.stm32cube.ide.mcu.externaltools.gnu-tools-for-stm32.10.3-2021.10.win32_1.0.200.202301161003/tools/bin/../lib/gcc/arm-none-eabi/10.3.1/thumb/v7e-m+fp/hard\libgcc.a(_aeabi_uldivmod.o) (__udivmoddi4)
c:/st/stm32cubeide_1.12.0/stm32cubeide/plugins/com.st.stm32cube.ide.mcu.externaltools.gnu-tools-for-stm32.10.3-2021.10.win32_1.0.200.202301161003/tools/bin/../lib/gcc/arm-none-eabi/10.3.1/thumb/v7e-m+fp/hard\libgcc.a(_dvmd_tls.o)
                              c:/st/stm32cubeide_1.12.0/stm32cubeide/plugins/com.st.stm32cube.ide.mcu.externaltools.gnu-tools-for-stm32.10.3-2021.10.win32_1.0.200.202301161003/tools/bin/../lib/gcc/arm-none-eabi/10.3.1/thumb/v7e-m+fp/hard\libgcc.a(_aeabi_uldivmod.o) (__aeabi_ldiv0)

Discarded input sections

 .text          0x0000000000000000        0x0 c:/st/stm32cubeide_1.12.0/stm32cubeide/plugins/com.st.stm32cube.ide.mcu.externaltools.gnu-tools-for-stm32.10.3-2021.10.win32_1.0.200.202301161003/tools/bin/../lib/gcc/arm-none-eabi/10.3.1/thumb/v7e-m+fp/hard/crti.o
 .data          0x0000000000000000        0x0 c:/st/stm32cubeide_1.12.0/stm32cubeide/plugins/com.st.stm32cube.ide.mcu.externaltools.gnu-tools-for-stm32.10.3-2021.10.win32_1.0.200.202301161003/tools/bin/../lib/gcc/arm-none-eabi/10.3.1/thumb/v7e-m+fp/hard/crti.o
 .bss           0x0000000000000000        0x0 c:/st/stm32cubeide_1.12.0/stm32cubeide/plugins/com.st.stm32cube.ide.mcu.externaltools.gnu-tools-for-stm32.10.3-2021.10.win32_1.0.200.202301161003/tools/bin/../lib/gcc/arm-none-eabi/10.3.1/thumb/v7e-m+fp/hard/crti.o
[...]
Memory Configuration

Name             Origin             Length             Attributes
RAM              0x0000000020000000 0x0000000000010000 xrw
FLASH            0x0000000008000000 0x0000000000040000 xr
*default*        0x0000000000000000 0xffffffffffffffff

Linker script and memory map

LOAD c:/st/stm32cubeide_1.12.0/stm32cubeide/plugins/com.st.stm32cube.ide.mcu.externaltools.gnu-tools-for-stm32.10.3-2021.10.win32_1.0.200.202301161003/tools/bin/../lib/gcc/arm-none-eabi/10.3.1/thumb/v7e-m+fp/hard/crti.o
LOAD c:/st/stm32cubeide_1.12.0/stm32cubeide/plugins/com.st.stm32cube.ide.mcu.externaltools.gnu-tools-for-stm32.10.3-2021.10.win32_1.0.200.202301161003/tools/bin/../lib/gcc/arm-none-eabi/10.3.1/thumb/v7e-m+fp/hard/crtbegin.o
LOAD c:/st/stm32cubeide_1.12.0/stm32cubeide/plugins/com.st.stm32cube.ide.mcu.externaltools.gnu-tools-for-stm32.10.3-2021.10.win32_1.0.200.202301161003/tools/bin/../lib/gcc/arm-none-eabi/10.3.1/../../../../arm-none-eabi/lib/thumb/v7e-m+fp/hard/crt0.o
LOAD ./Core/Src/MCAL/MEXTI/MEXTI_prog.o
LOAD ./Core/Src/MCAL/MGPIO/MGPIO_prog.o
LOAD ./Core/Src/MCAL/MNVIC/MNVIC_prog.o
LOAD ./Core/Src/MCAL/MRCC/MRRC_prog.o
LOAD ./Core/Src/MCAL/MSTK/MSTK_prog.o
LOAD ./Core/Src/main.o
LOAD ./Core/Src/stm32f4xx_hal_msp.o
LOAD ./Core/Src/stm32f4xx_it.o
LOAD ./Core/Src/syscalls.o
LOAD ./Core/Src/sysmem.o
LOAD ./Core/Src/system_stm32f4xx.o
LOAD ./Core/Startup/startup_stm32f401ccux.o
LOAD ./Drivers/STM32F4xx_HAL_Driver/Src/stm32f4xx_hal.o
LOAD ./Drivers/STM32F4xx_HAL_Driver/Src/stm32f4xx_hal_cortex.o
LOAD ./Drivers/STM32F4xx_HAL_Driver/Src/stm32f4xx_hal_dma.o
LOAD ./Drivers/STM32F4xx_HAL_Driver/Src/stm32f4xx_hal_dma_ex.o
LOAD ./Drivers/STM32F4xx_HAL_Driver/Src/stm32f4xx_hal_exti.o
LOAD ./Drivers/STM32F4xx_HAL_Driver/Src/stm32f4xx_hal_flash.o
LOAD ./Drivers/STM32F4xx_HAL_Driver/Src/stm32f4xx_hal_flash_ex.o
LOAD ./Drivers/STM32F4xx_HAL_Driver/Src/stm32f4xx_hal_flash_ramfunc.o
LOAD ./Drivers/STM32F4xx_HAL_Driver/Src/stm32f4xx_hal_gpio.o
LOAD ./Drivers/STM32F4xx_HAL_Driver/Src/stm32f4xx_hal_pwr.o
LOAD ./Drivers/STM32F4xx_HAL_Driver/Src/stm32f4xx_hal_pwr_ex.o
LOAD ./Drivers/STM32F4xx_HAL_Driver/Src/stm32f4xx_hal_rcc.o
LOAD ./Drivers/STM32F4xx_HAL_Driver/Src/stm32f4xx_hal_rcc_ex.o
START GROUP
LOAD c:/st/stm32cubeide_1.12.0/stm32cubeide/plugins/com.st.stm32cube.ide.mcu.externaltools.gnu-tools-for-stm32.10.3-2021.10.win32_1.0.200.202301161003/tools/bin/../lib/gcc/arm-none-eabi/10.3.1/../../../../arm-none-eabi/lib/thumb/v7e-m+fp/hard\libc_nano.a
LOAD c:/st/stm32cubeide_1.12.0/stm32cubeide/plugins/com.st.stm32cube.ide.mcu.externaltools.gnu-tools-for-stm32.10.3-2021.10.win32_1.0.200.202301161003/tools/bin/../lib/gcc/arm-none-eabi/10.3.1/../../../../arm-none-eabi/lib/thumb/v7e-m+fp/hard\libm.a
END GROUP
START GROUP
LOAD c:/st/stm32cubeide_1.12.0/stm32cubeide/plugins/com.st.stm32cube.ide.mcu.externaltools.gnu-tools-for-stm32.10.3-2021.10.win32_1.0.200.202301161003/tools/bin/../lib/gcc/arm-none-eabi/10.3.1/thumb/v7e-m+fp/hard\libgcc.a
LOAD c:/st/stm32cubeide_1.12.0/stm32cubeide/plugins/com.st.stm32cube.ide.mcu.externaltools.gnu-tools-for-stm32.10.3-2021.10.win32_1.0.200.202301161003/tools/bin/../lib/gcc/arm-none-eabi/10.3.1/../../../../arm-none-eabi/lib/thumb/v7e-m+fp/hard\libc_nano.a
END GROUP
START GROUP
LOAD c:/st/stm32cubeide_1.12.0/stm32cubeide/plugins/com.st.stm32cube.ide.mcu.externaltools.gnu-tools-for-stm32.10.3-2021.10.win32_1.0.200.202301161003/tools/bin/../lib/gcc/arm-none-eabi/10.3.1/thumb/v7e-m+fp/hard\libgcc.a
LOAD c:/st/stm32cubeide_1.12.0/stm32cubeide/plugins/com.st.stm32cube.ide.mcu.externaltools.gnu-tools-for-stm32.10.3-2021.10.win32_1.0.200.202301161003/tools/bin/../lib/gcc/arm-none-eabi/10.3.1/../../../../arm-none-eabi/lib/thumb/v7e-m+fp/hard\libc_nano.a
LOAD c:/st/stm32cubeide_1.12.0/stm32cubeide/plugins/com.st.stm32cube.ide.mcu.externaltools.gnu-tools-for-stm32.10.3-2021.10.win32_1.0.200.202301161003/tools/bin/../lib/gcc/arm-none-eabi/10.3.1/../../../../arm-none-eabi/lib/thumb/v7e-m+fp/hard\libnosys.a
END GROUP
START GROUP
LOAD c:/st/stm32cubeide_1.12.0/stm32cubeide/plugins/com.st.stm32cube.ide.mcu.externaltools.gnu-tools-for-stm32.10.3-2021.10.win32_1.0.200.202301161003/tools/bin/../lib/gcc/arm-none-eabi/10.3.1/thumb/v7e-m+fp/hard\libgcc.a
LOAD c:/st/stm32cubeide_1.12.0/stm32cubeide/plugins/com.st.stm32cube.ide.mcu.externaltools.gnu-tools-for-stm32.10.3-2021.10.win32_1.0.200.202301161003/tools/bin/../lib/gcc/arm-none-eabi/10.3.1/../../../../arm-none-eabi/lib/thumb/v7e-m+fp/hard\libc_nano.a
LOAD c:/st/stm32cubeide_1.12.0/stm32cubeide/plugins/com.st.stm32cube.ide.mcu.externaltools.gnu-tools-for-stm32.10.3-2021.10.win32_1.0.200.202301161003/tools/bin/../lib/gcc/arm-none-eabi/10.3.1/../../../../arm-none-eabi/lib/thumb/v7e-m+fp/hard\libnosys.a
END GROUP
LOAD c:/st/stm32cubeide_1.12.0/stm32cubeide/plugins/com.st.stm32cube.ide.mcu.externaltools.gnu-tools-for-stm32.10.3-2021.10.win32_1.0.200.202301161003/tools/bin/../lib/gcc/arm-none-eabi/10.3.1/thumb/v7e-m+fp/hard/crtend.o
LOAD c:/st/stm32cubeide_1.12.0/stm32cubeide/plugins/com.st.stm32cube.ide.mcu.externaltools.gnu-tools-for-stm32.10.3-2021.10.win32_1.0.200.202301161003/tools/bin/../lib/gcc/arm-none-eabi/10.3.1/thumb/v7e-m+fp/hard/crtn.o
                0x0000000020010000                _estack = (ORIGIN (RAM) + LENGTH (RAM))
                0x0000000000000200                _Min_Heap_Size = 0x200
                0x0000000000000400                _Min_Stack_Size = 0x400

.isr_vector     0x0000000008000000      0x194
                0x0000000008000000                . = ALIGN (0x4)
 *(.isr_vector)
 .isr_vector    0x0000000008000000      0x194 ./Core/Startup/startup_stm32f401ccux.o
                0x0000000008000000                g_pfnVectors
                0x0000000008000194                . = ALIGN (0x4)

.text           0x0000000008000194      0xf54
                0x0000000008000194                . = ALIGN (0x4)
 *(.text)
 .text          0x0000000008000194       0x40 c:/st/stm32cubeide_1.12.0/stm32cubeide/plugins/com.st.stm32cube.ide.mcu.externaltools.gnu-tools-for-stm32.10.3-2021.10.win32_1.0.200.202301161003/tools/bin/../lib/gcc/arm-none-eabi/10.3.1/thumb/v7e-m+fp/hard/crtbegin.o
 *(.text*)
 .text.MEXTI_voidEnableExternalInterrupt
                0x00000000080001d4       0x30 ./Core/Src/MCAL/MEXTI/MEXTI_prog.o
                0x00000000080001d4                MEXTI_voidEnableExternalInterrupt
 .text.MEXTI_voidTriggerSelect
                0x0000000008000204       0x8c ./Core/Src/MCAL/MEXTI/MEXTI_prog.o
                0x0000000008000204                MEXTI_voidTriggerSelect
 .text.MEXTI_voidSetEXTIConfig
                0x0000000008000290      0x240 ./Core/Src/MCAL/MEXTI/MEXTI_prog.o
                0x0000000008000290                MEXTI_voidSetEXTIConfig
 .text.MEXTI_u8EXTISetCallBack
                0x00000000080004d0       0x3c ./Core/Src/MCAL/MEXTI/MEXTI_prog.o
                0x00000000080004d0                MEXTI_u8EXTISetCallBack
 .text.EXTI0_IRQHandler
                0x000000000800050c       0x2c ./Core/Src/MCAL/MEXTI/MEXTI_prog.o
                0x000000000800050c                EXTI0_IRQHandler
 .text.EXTI1_IRQHandler
                0x0000000008000538       0x2c ./Core/Src/MCAL/MEXTI/MEXTI_prog.o
                0x0000000008000538                EXTI1_IRQHandler
 .text.EXTI2_IRQHandler
                0x0000000008000564       0x2c ./Core/Src/MCAL/MEXTI/MEXTI_prog.o
                0x0000000008000564                EXTI2_IRQHandler
 .text.EXTI3_IRQHandler
                0x0000000008000590       0x2c ./Core/Src/MCAL/MEXTI/MEXTI_prog.o
                0x0000000008000590                EXTI3_IRQHandler
 .text.EXTI4_IRQHandler
                0x00000000080005bc       0x2c ./Core/Src/MCAL/MEXTI/MEXTI_prog.o
                0x00000000080005bc                EXTI4_IRQHandler
 .text.MGPIO_voidSetPinMode
                0x00000000080005e8      0x17c ./Core/Src/MCAL/MGPIO/MGPIO_prog.o
                0x00000000080005e8                MGPIO_voidSetPinMode
 .text.MGPIO_voidSetPinOutPutType
                0x0000000008000764       0xe0 ./Core/Src/MCAL/MGPIO/MGPIO_prog.o
                0x0000000008000764                MGPIO_voidSetPinOutPutType
 .text.MGPIO_voidSetPinInputPull
                0x0000000008000844      0x17c ./Core/Src/MCAL/MGPIO/MGPIO_prog.o
                0x0000000008000844                MGPIO_voidSetPinInputPull
 .text.MGPIO_voidSetPinValue
                0x00000000080009c0      0x164 ./Core/Src/MCAL/MGPIO/MGPIO_prog.o
                0x00000000080009c0                MGPIO_voidSetPinValue
 .text.MNVIC_EnableIRQ
                0x0000000008000b24       0x44 ./Core/Src/MCAL/MNVIC/MNVIC_prog.o
                0x0000000008000b24                MNVIC_EnableIRQ
 .text.MRCC_voidInit
                0x0000000008000b68      0x16c ./Core/Src/MCAL/MRCC/MRRC_prog.o
                0x0000000008000b68                MRCC_voidInit
 .text.MRCC_voidEnablePeripheral
                0x0000000008000cd4       0x98 ./Core/Src/MCAL/MRCC/MRRC_prog.o
                0x0000000008000cd4                MRCC_voidEnablePeripheral
 .text.MSTK_voidInit
                0x0000000008000d6c       0x20 ./Core/Src/MCAL/MSTK/MSTK_prog.o
                0x0000000008000d6c                MSTK_voidInit
 .text.MSTK_voidDelay_ms
                0x0000000008000d8c       0x5c ./Core/Src/MCAL/MSTK/MSTK_prog.o
                0x0000000008000d8c                MSTK_voidDelay_ms
 .text.SysTick_Handler
                0x0000000008000de8       0x5c ./Core/Src/MCAL/MSTK/MSTK_prog.o
                0x0000000008000de8                SysTick_Handler
 .text.main     0x0000000008000e44       0x4c ./Core/Src/main.o
                0x0000000008000e44                main
 .text.trafficInit
                0x0000000008000e90       0x58 ./Core/Src/main.o
                0x0000000008000e90                trafficInit
 .text.test_led
                0x0000000008000ee8       0xde ./Core/Src/main.o
                0x0000000008000ee8                test_led
 .text.NMI_Handler
                0x0000000008000fc6        0x6 ./Core/Src/stm32f4xx_it.o
                0x0000000008000fc6                NMI_Handler
 .text.HardFault_Handler
                0x0000000008000fcc        0x6 ./Core/Src/stm32f4xx_it.o
                0x0000000008000fcc                HardFault_Handler
 .text.MemManage_Handler
                0x0000000008000fd2        0x6 ./Core/Src/stm32f4xx_it.o
                0x0000000008000fd2                MemManage_Handler
 .text.BusFault_Handler
                0x0000000008000fd8        0x6 ./Core/Src/stm32f4xx_it.o
                0x0000000008000fd8                BusFault_Handler
 .text.UsageFault_Handler
                0x0000000008000fde        0x6 ./Core/Src/stm32f4xx_it.o
                0x0000000008000fde                UsageFault_Handler
 .text.SVC_Handler
                0x0000000008000fe4        0xe ./Core/Src/stm32f4xx_it.o
                0x0000000008000fe4                SVC_Handler
 .text.DebugMon_Handler
                0x0000000008000ff2        0xe ./Core/Src/stm32f4xx_it.o
                0x0000000008000ff2                DebugMon_Handler
 .text.PendSV_Handler
                0x0000000008001000        0xe ./Core/Src/stm32f4xx_it.o
                0x0000000008001000                PendSV_Handler
 *fill*         0x000000000800100e        0x2 
 .text.SystemInit
                0x0000000008001010       0x24 ./Core/Src/system_stm32f4xx.o
                0x0000000008001010                SystemInit
 .text.Reset_Handler
                0x0000000008001034       0x50 ./Core/Startup/startup_stm32f401ccux.o
                0x0000000008001034                Reset_Handler
 .text.Default_Handler
                0x0000000008001084        0x2 ./Core/Startup/startup_stm32f401ccux.o
                0x0000000008001084                RTC_Alarm_IRQHandler
                0x0000000008001084                SPI4_IRQHandler
                0x0000000008001084                TIM1_CC_IRQHandler
                0x0000000008001084                DMA2_Stream5_IRQHandler
                0x0000000008001084                DMA1_Stream5_IRQHandler
                0x0000000008001084                PVD_IRQHandler
                0x0000000008001084                SDIO_IRQHandler
                0x0000000008001084                TAMP_STAMP_IRQHandler
                0x0000000008001084                TIM1_UP_TIM10_IRQHandler
                0x0000000008001084                I2C3_ER_IRQHandler
                0x0000000008001084                I2C2_EV_IRQHandler
                0x0000000008001084                DMA1_Stream2_IRQHandler
                0x0000000008001084                FPU_IRQHandler
                0x0000000008001084                DMA2_Stream2_IRQHandler
                0x0000000008001084                SPI1_IRQHandler
                0x0000000008001084                TIM1_BRK_TIM9_IRQHandler
                0x0000000008001084                DMA2_Stream3_IRQHandler
                0x0000000008001084                USART6_IRQHandler
                0x0000000008001084                DMA2_Stream0_IRQHandler
                0x0000000008001084                TIM4_IRQHandler
                0x0000000008001084                I2C1_EV_IRQHandler
                0x0000000008001084                DMA1_Stream6_IRQHandler
                0x0000000008001084                DMA1_Stream1_IRQHandler
                0x0000000008001084                TIM3_IRQHandler
                0x0000000008001084                RCC_IRQHandler
                0x0000000008001084                Default_Handler
                0x0000000008001084                EXTI15_10_IRQHandler
                0x0000000008001084                ADC_IRQHandler
                0x0000000008001084                DMA1_Stream7_IRQHandler
                0x0000000008001084                TIM5_IRQHandler
                0x0000000008001084                DMA2_Stream7_IRQHandler
                0x0000000008001084                I2C3_EV_IRQHandler
                0x0000000008001084                EXTI9_5_IRQHandler
                0x0000000008001084                RTC_WKUP_IRQHandler
                0x0000000008001084                SPI2_IRQHandler
                0x0000000008001084                DMA1_Stream0_IRQHandler
                0x0000000008001084                WWDG_IRQHandler
                0x0000000008001084                TIM2_IRQHandler
                0x0000000008001084                OTG_FS_WKUP_IRQHandler
                0x0000000008001084                TIM1_TRG_COM_TIM11_IRQHandler
                0x0000000008001084                USART2_IRQHandler
                0x0000000008001084                I2C2_ER_IRQHandler
                0x0000000008001084                DMA2_Stream1_IRQHandler
                0x0000000008001084                FLASH_IRQHandler
                0x0000000008001084                DMA2_Stream4_IRQHandler
                0x0000000008001084                USART1_IRQHandler
                0x0000000008001084                OTG_FS_IRQHandler
                0x0000000008001084                SPI3_IRQHandler
                0x0000000008001084                DMA1_Stream4_IRQHandler
                0x0000000008001084                I2C1_ER_IRQHandler
                0x0000000008001084                DMA2_Stream6_IRQHandler
                0x0000000008001084                DMA1_Stream3_IRQHandler
 *fill*         0x0000000008001086        0x2 
 .text.__libc_init_array
                0x0000000008001088       0x48 c:/st/stm32cubeide_1.12.0/stm32cubeide/plugins/com.st.stm32cube.ide.mcu.externaltools.gnu-tools-for-stm32.10.3-2021.10.win32_1.0.200.202301161003/tools/bin/../lib/gcc/arm-none-eabi/10.3.1/../../../../arm-none-eabi/lib/thumb/v7e-m+fp/hard\libc_nano.a(lib_a-init.o)
                0x0000000008001088                __libc_init_array
 *(.glue_7)
 .glue_7        0x00000000080010d0        0x0 linker stubs
 *(.glue_7t)
 .glue_7t       0x00000000080010d0        0x0 linker stubs
 *(.eh_frame)
 .eh_frame      0x00000000080010d0        0x0 c:/st/stm32cubeide_1.12.0/stm32cubeide/plugins/com.st.stm32cube.ide.mcu.externaltools.gnu-tools-for-stm32.10.3-2021.10.win32_1.0.200.202301161003/tools/bin/../lib/gcc/arm-none-eabi/10.3.1/thumb/v7e-m+fp/hard/crtbegin.o
 *(.init)
 .init          0x00000000080010d0        0x4 c:/st/stm32cubeide_1.12.0/stm32cubeide/plugins/com.st.stm32cube.ide.mcu.externaltools.gnu-tools-for-stm32.10.3-2021.10.win32_1.0.200.202301161003/tools/bin/../lib/gcc/arm-none-eabi/10.3.1/thumb/v7e-m+fp/hard/crti.o
                0x00000000080010d0                _init
 .init          0x00000000080010d4        0x8 c:/st/stm32cubeide_1.12.0/stm32cubeide/plugins/com.st.stm32cube.ide.mcu.externaltools.gnu-tools-for-stm32.10.3-2021.10.win32_1.0.200.202301161003/tools/bin/../lib/gcc/arm-none-eabi/10.3.1/thumb/v7e-m+fp/hard/crtn.o
 *(.fini)
 .fini          0x00000000080010dc        0x4 c:/st/stm32cubeide_1.12.0/stm32cubeide/plugins/com.st.stm32cube.ide.mcu.externaltools.gnu-tools-for-stm32.10.3-2021.10.win32_1.0.200.202301161003/tools/bin/../lib/gcc/arm-none-eabi/10.3.1/thumb/v7e-m+fp/hard/crti.o
                0x00000000080010dc                _fini
 .fini          0x00000000080010e0        0x8 c:/st/stm32cubeide_1.12.0/stm32cubeide/plugins/com.st.stm32cube.ide.mcu.externaltools.gnu-tools-for-stm32.10.3-2021.10.win32_1.0.200.202301161003/tools/bin/../lib/gcc/arm-none-eabi/10.3.1/thumb/v7e-m+fp/hard/crtn.o
                0x00000000080010e8                . = ALIGN (0x4)
                0x00000000080010e8                _etext = .

.vfp11_veneer   0x00000000080010e8        0x0
 .vfp11_veneer  0x00000000080010e8        0x0 linker stubs

.v4_bx          0x00000000080010e8        0x0
 .v4_bx         0x00000000080010e8        0x0 linker stubs

.iplt           0x00000000080010e8        0x0
 .iplt          0x00000000080010e8        0x0 c:/st/stm32cubeide_1.12.0/stm32cubeide/plugins/com.st.stm32cube.ide.mcu.externaltools.gnu-tools-for-stm32.10.3-2021.10.win32_1.0.200.202301161003/tools/bin/../lib/gcc/arm-none-eabi/10.3.1/thumb/v7e-m+fp/hard/crtbegin.o

.rel.dyn        0x00000000080010e8        0x0
 .rel.iplt      0x00000000080010e8        0x0 c:/st/stm32cubeide_1.12.0/stm32cubeide/plugins/com.st.stm32cube.ide.mcu.externaltools.gnu-tools-for-stm32.10.3-2021.10.win32_1.0.200.202301161003/tools/bin/../lib/gcc/arm-none-eabi/10.3.1/thumb/v7e-m+fp/hard/crtbegin.o

.rodata         0x00000000080010e8        0x0
                0x00000000080010e8                . = ALIGN (0x4)
 *(.rodata)
 *(.rodata*)
                0x00000000080010e8                . = ALIGN (0x4)

.ARM.extab      0x00000000080010e8        0x0
                0x00000000080010e8                . = ALIGN (0x4)
 *(.ARM.extab* .gnu.linkonce.armextab.*)
                0x00000000080010e8                . = ALIGN (0x4)

.ARM            0x00000000080010e8        0x0
                0x00000000080010e8                . = ALIGN (0x4)
                0x00000000080010e8                __exidx_start = .
 *(.ARM.exidx*)
                0x00000000080010e8                __exidx_end = .
                0x00000000080010e8                . = ALIGN (0x4)

.preinit_array  0x00000000080010e8        0x0
                0x00000000080010e8                . = ALIGN (0x4)
                0x00000000080010e8                PROVIDE (__preinit_array_start = .)
 *(.preinit_array*)
                0x00000000080010e8                PROVIDE (__preinit_array_end = .)
                0x00000000080010e8                . = ALIGN (0x4)

.init_array     0x00000000080010e8        0x4
                0x00000000080010e8                . = ALIGN (0x4)
                0x00000000080010e8                PROVIDE (__init_array_start = .)
 *(SORT_BY_NAME(.init_array.*))
 *(.init_array*)
 .init_array    0x00000000080010e8        0x4 c:/st/stm32cubeide_1.12.0/stm32cubeide/plugins/com.st.stm32cube.ide.mcu.externaltools.gnu-tools-for-stm32.10.3-2021.10.win32_1.0.200.202301161003/tools/bin/../lib/gcc/arm-none-eabi/10.3.1/thumb/v7e-m+fp/hard/crtbegin.o
                0x00000000080010ec                PROVIDE (__init_array_end = .)
                0x00000000080010ec                . = ALIGN (0x4)

.fini_array     0x00000000080010ec        0x4
                0x00000000080010ec                . = ALIGN (0x4)
                [!provide]                        PROVIDE (__fini_array_start = .)
 *(SORT_BY_NAME(.fini_array.*))
 *(.fini_array*)
 .fini_array    0x00000000080010ec        0x4 c:/st/stm32cubeide_1.12.0/stm32cubeide/plugins/com.st.stm32cube.ide.mcu.externaltools.gnu-tools-for-stm32.10.3-2021.10.win32_1.0.200.202301161003/tools/bin/../lib/gcc/arm-none-eabi/10.3.1/thumb/v7e-m+fp/hard/crtbegin.o
                [!provide]                        PROVIDE (__fini_array_end = .)
                0x00000000080010f0                . = ALIGN (0x4)
                0x00000000080010f0                _sidata = LOADADDR (.data)

.data           0x0000000020000000        0x0 load address 0x00000000080010f0
                0x0000000020000000                . = ALIGN (0x4)
                0x0000000020000000                _sdata = .
 *(.data)
 *(.data*)
 *(.RamFunc)
 *(.RamFunc*)
                0x0000000020000000                . = ALIGN (0x4)
                0x0000000020000000                _edata = .

.igot.plt       0x0000000020000000        0x0 load address 0x00000000080010f0
 .igot.plt      0x0000000020000000        0x0 c:/st/stm32cubeide_1.12.0/stm32cubeide/plugins/com.st.stm32cube.ide.mcu.externaltools.gnu-tools-for-stm32.10.3-2021.10.win32_1.0.200.202301161003/tools/bin/../lib/gcc/arm-none-eabi/10.3.1/thumb/v7e-m+fp/hard/crtbegin.o
                0x0000000020000000                . = ALIGN (0x4)

.bss            0x0000000020000000       0x64 load address 0x00000000080010f0
                0x0000000020000000                _sbss = .
                0x0000000020000000                __bss_start__ = _sbss
 *(.bss)
 .bss           0x0000000020000000       0x1c c:/st/stm32cubeide_1.12.0/stm32cubeide/plugins/com.st.stm32cube.ide.mcu.externaltools.gnu-tools-for-stm32.10.3-2021.10.win32_1.0.200.202301161003/tools/bin/../lib/gcc/arm-none-eabi/10.3.1/thumb/v7e-m+fp/hard/crtbegin.o
 *(.bss*)
 .bss.MEXTI_PF  0x000000002000001c       0x40 ./Core/Src/MCAL/MEXTI/MEXTI_prog.o
 .bss.MSTK_PF   0x000000002000005c        0x4 ./Core/Src/MCAL/MSTK/MSTK_prog.o
 .bss.global_u8periodicityMode
                0x0000000020000060        0x1 ./Core/Src/MCAL/MSTK/MSTK_prog.o
 *(COMMON)
                0x0000000020000064                . = ALIGN (0x4)
 *fill*         0x0000000020000061        0x3 
                0x0000000020000064                _ebss = .
                0x0000000020000064                __bss_end__ = _ebss

._user_heap_stack
                0x0000000020000064      0x604 load address 0x00000000080010f0
                0x0000000020000068                . = ALIGN (0x8)
 *fill*         0x0000000020000064        0x4 
                [!provide]                        PROVIDE (end = .)
                0x0000000020000068                PROVIDE (_end = .)
                0x0000000020000268                . = (. + _Min_Heap_Size)
 *fill*         0x0000000020000068      0x200 
                0x0000000020000668                . = (. + _Min_Stack_Size)
 *fill*         0x0000000020000268      0x400 
                0x0000000020000668                . = ALIGN (0x8)

/DISCARD/
 libc.a(*)
 libm.a(*)
 libgcc.a(*)

.ARM.attributes
                0x0000000000000000       0x30
 *(.ARM.attributes)
 .ARM.attributes
                0x0000000000000000       0x1e c:/st/stm32cubeide_1.12.0/stm32cubeide/plugins/com.st.stm32cube.ide.mcu.externaltools.gnu-tools-for-stm32.10.3-2021.10.win32_1.0.200.202301161003/tools/bin/../lib/gcc/arm-none-eabi/10.3.1/thumb/v7e-m+fp/hard/crti.o
 .ARM.attributes
                0x000000000000001e       0x34 c:/st/stm32cubeide_1.12.0/stm32cubeide/plugins/com.st.stm32cube.ide.mcu.externaltools.gnu-tools-for-stm32.10.3-2021.10.win32_1.0.200.202301161003/tools/bin/../lib/gcc/arm-none-eabi/10.3.1/thumb/v7e-m+fp/hard/crtbegin.o
 .ARM.attributes
                0x0000000000000052       0x34 ./Core/Src/MCAL/MEXTI/MEXTI_prog.o
 .ARM.attributes
                0x0000000000000086       0x34 ./Core/Src/MCAL/MGPIO/MGPIO_prog.o
 .ARM.attributes
                0x00000000000000ba       0x34 ./Core/Src/MCAL/MNVIC/MNVIC_prog.o
 .ARM.attributes
                0x00000000000000ee       0x34 ./Core/Src/MCAL/MRCC/MRRC_prog.o
 .ARM.attributes
                0x0000000000000122       0x34 ./Core/Src/MCAL/MSTK/MSTK_prog.o
 .ARM.attributes
                0x0000000000000156       0x34 ./Core/Src/main.o
 .ARM.attributes
                0x000000000000018a       0x34 ./Core/Src/stm32f4xx_it.o
 .ARM.attributes
                0x00000000000001be       0x34 ./Core/Src/system_stm32f4xx.o
 .ARM.attributes
                0x00000000000001f2       0x21 ./Core/Startup/startup_stm32f401ccux.o
 .ARM.attributes
                0x0000000000000213       0x34 c:/st/stm32cubeide_1.12.0/stm32cubeide/plugins/com.st.stm32cube.ide.mcu.externaltools.gnu-tools-for-stm32.10.3-2021.10.win32_1.0.200.202301161003/tools/bin/../lib/gcc/arm-none-eabi/10.3.1/../../../../arm-none-eabi/lib/thumb/v7e-m+fp/hard\libc_nano.a(lib_a-init.o)
 .ARM.attributes
                0x0000000000000247       0x1e c:/st/stm32cubeide_1.12.0/stm32cubeide/plugins/com.st.stm32cube.ide.mcu.externaltools.gnu-tools-for-stm32.10.3-2021.10.win32_1.0.200.202301161003/tools/bin/../lib/gcc/arm-none-eabi/10.3.1/thumb/v7e-m+fp/hard/crtn.o
OUTPUT(Traffic_Light.elf elf32-littlearm)
LOAD linker stubs
LOAD c:/st/stm32cubeide_1.12.0/stm32cubeide/plugins/com.st.stm32cube.ide.mcu.externaltools.gnu-tools-for-stm32.10.3-2021.10.win32_1.0.200.202301161003/tools/bin/../lib/gcc/arm-none-eabi/10.3.1/../../../../arm-none-eabi/lib/thumb/v7e-m+fp/hard\libc.a
LOAD c:/st/stm32cubeide_1.12.0/stm32cubeide/plugins/com.st.stm32cube.ide.mcu.externaltools.gnu-tools-for-stm32.10.3-2021.10.win32_1.0.200.202301161003/tools/bin/../lib/gcc/arm-none-eabi/10.3.1/../../../../arm-none-eabi/lib/thumb/v7e-m+fp/hard\libm.a
LOAD c:/st/stm32cubeide_1.12.0/stm32cubeide/plugins/com.st.stm32cube.ide.mcu.externaltools.gnu-tools-for-stm32.10.3-2021.10.win32_1.0.200.202301161003/tools/bin/../lib/gcc/arm-none-eabi/10.3.1/thumb/v7e-m+fp/hard\libgcc.a

.debug_info     0x0000000000000000     0x1d22
 .debug_info    0x0000000000000000      0x3cf ./Core/Src/MCAL/MEXTI/MEXTI_prog.o
 .debug_info    0x00000000000003cf      0x39d ./Core/Src/MCAL/MGPIO/MGPIO_prog.o
 .debug_info    0x000000000000076c      0x51e ./Core/Src/MCAL/MNVIC/MNVIC_prog.o
 .debug_info    0x0000000000000c8a      0x311 ./Core/Src/MCAL/MRCC/MRRC_prog.o
 .debug_info    0x0000000000000f9b      0x281 ./Core/Src/MCAL/MSTK/MSTK_prog.o
 .debug_info    0x000000000000121c      0x48e ./Core/Src/main.o
 .debug_info    0x00000000000016aa      0x107 ./Core/Src/stm32f4xx_it.o
 .debug_info    0x00000000000017b1      0x54f ./Core/Src/system_stm32f4xx.o
 .debug_info    0x0000000000001d00       0x22 ./Core/Startup/startup_stm32f401ccux.o

.debug_abbrev   0x0000000000000000      0x884
 .debug_abbrev  0x0000000000000000      0x15b ./Core/Src/MCAL/MEXTI/MEXTI_prog.o
 .debug_abbrev  0x000000000000015b      0x13b ./Core/Src/MCAL/MGPIO/MGPIO_prog.o
 .debug_abbrev  0x0000000000000296      0x145 ./Core/Src/MCAL/MNVIC/MNVIC_prog.o
 .debug_abbrev  0x00000000000003db       0xdf ./Core/Src/MCAL/MRCC/MRRC_prog.o
 .debug_abbrev  0x00000000000004ba      0x11e ./Core/Src/MCAL/MSTK/MSTK_prog.o
 .debug_abbrev  0x00000000000005d8      0x13d ./Core/Src/main.o
 .debug_abbrev  0x0000000000000715       0x47 ./Core/Src/stm32f4xx_it.o
 .debug_abbrev  0x000000000000075c      0x116 ./Core/Src/system_stm32f4xx.o
 .debug_abbrev  0x0000000000000872       0x12 ./Core/Startup/startup_stm32f401ccux.o

.debug_aranges  0x0000000000000000      0x2a0
 .debug_aranges
                0x0000000000000000       0x70 ./Core/Src/MCAL/MEXTI/MEXTI_prog.o
 .debug_aranges
                0x0000000000000070       0x60 ./Core/Src/MCAL/MGPIO/MGPIO_prog.o
 .debug_aranges
                0x00000000000000d0       0x60 ./Core/Src/MCAL/MNVIC/MNVIC_prog.o
 .debug_aranges
                0x0000000000000130       0x40 ./Core/Src/MCAL/MRCC/MRRC_prog.o
 .debug_aranges
                0x0000000000000170       0x58 ./Core/Src/MCAL/MSTK/MSTK_prog.o
 .debug_aranges
                0x00000000000001c8       0x30 ./Core/Src/main.o
 .debug_aranges
                0x00000000000001f8       0x58 ./Core/Src/stm32f4xx_it.o
 .debug_aranges
                0x0000000000000250       0x28 ./Core/Src/system_stm32f4xx.o
 .debug_aranges
                0x0000000000000278       0x28 ./Core/Startup/startup_stm32f401ccux.o

.debug_ranges   0x0000000000000000      0x218
 .debug_ranges  0x0000000000000000       0x60 ./Core/Src/MCAL/MEXTI/MEXTI_prog.o
 .debug_ranges  0x0000000000000060       0x50 ./Core/Src/MCAL/MGPIO/MGPIO_prog.o
 .debug_ranges  0x00000000000000b0       0x50 ./Core/Src/MCAL/MNVIC/MNVIC_prog.o
 .debug_ranges  0x0000000000000100       0x30 ./Core/Src/MCAL/MRCC/MRRC_prog.o
 .debug_ranges  0x0000000000000130       0x48 ./Core/Src/MCAL/MSTK/MSTK_prog.o
 .debug_ranges  0x0000000000000178       0x20 ./Core/Src/main.o
 .debug_ranges  0x0000000000000198       0x48 ./Core/Src/stm32f4xx_it.o
 .debug_ranges  0x00000000000001e0       0x18 ./Core/Src/system_stm32f4xx.o
 .debug_ranges  0x00000000000001f8       0x20 ./Core/Startup/startup_stm32f401ccux.o

.debug_macro    0x0000000000000000     0x132e
 .debug_macro   0x0000000000000000       0x40 ./Core/Src/MCAL/MEXTI/MEXTI_prog.o
 .debug_macro   0x0000000000000040      0xa78 ./Core/Src/MCAL/MEXTI/MEXTI_prog.o
 .debug_macro   0x0000000000000ab8       0x22 ./Core/Src/MCAL/MEXTI/MEXTI_prog.o
 .debug_macro   0x0000000000000ada       0x2e ./Core/Src/MCAL/MEXTI/MEXTI_prog.o
 .debug_macro   0x0000000000000b08       0x1c ./Core/Src/MCAL/MEXTI/MEXTI_prog.o
 .debug_macro   0x0000000000000b24       0x40 ./Core/Src/MCAL/MGPIO/MGPIO_prog.o
 .debug_macro   0x0000000000000b64       0x5e ./Core/Src/MCAL/MGPIO/MGPIO_prog.o
 .debug_macro   0x0000000000000bc2       0x8e ./Core/Src/MCAL/MGPIO/MGPIO_prog.o
 .debug_macro   0x0000000000000c50       0x40 ./Core/Src/MCAL/MNVIC/MNVIC_prog.o
 .debug_macro   0x0000000000000c90       0x22 ./Core/Src/MCAL/MNVIC/MNVIC_prog.o
 .debug_macro   0x0000000000000cb2       0x10 ./Core/Src/MCAL/MNVIC/MNVIC_prog.o
 .debug_macro   0x0000000000000cc2       0x3f ./Core/Src/MCAL/MRCC/MRRC_prog.o
 .debug_macro   0x0000000000000d01       0x9a ./Core/Src/MCAL/MRCC/MRRC_prog.o
 .debug_macro   0x0000000000000d9b       0x16 ./Core/Src/MCAL/MRCC/MRRC_prog.o
 .debug_macro   0x0000000000000db1       0xfa ./Core/Src/MCAL/MRCC/MRRC_prog.o
 .debug_macro   0x0000000000000eab       0x3f ./Core/Src/MCAL/MSTK/MSTK_prog.o
 .debug_macro   0x0000000000000eea       0x34 ./Core/Src/MCAL/MSTK/MSTK_prog.o
 .debug_macro   0x0000000000000f1e       0x34 ./Core/Src/MCAL/MSTK/MSTK_prog.o
 .debug_macro   0x0000000000000f52       0x16 ./Core/Src/MCAL/MSTK/MSTK_prog.o
 .debug_macro   0x0000000000000f68       0x52 ./Core/Src/main.o
 .debug_macro   0x0000000000000fba      0x1c4 ./Core/Src/stm32f4xx_it.o
 .debug_macro   0x000000000000117e      0x1b0 ./Core/Src/system_stm32f4xx.o

.debug_line     0x0000000000000000     0x21d3
 .debug_line    0x0000000000000000      0x2f5 ./Core/Src/MCAL/MEXTI/MEXTI_prog.o
 .debug_line    0x00000000000002f5      0x7de ./Core/Src/MCAL/MGPIO/MGPIO_prog.o
 .debug_line    0x0000000000000ad3      0x206 ./Core/Src/MCAL/MNVIC/MNVIC_prog.o
 .debug_line    0x0000000000000cd9      0x22f ./Core/Src/MCAL/MRCC/MRRC_prog.o
 .debug_line    0x0000000000000f08      0x217 ./Core/Src/MCAL/MSTK/MSTK_prog.o
 .debug_line    0x000000000000111f      0x20b ./Core/Src/main.o
 .debug_line    0x000000000000132a      0x725 ./Core/Src/stm32f4xx_it.o
 .debug_line    0x0000000000001a4f      0x6fc ./Core/Src/system_stm32f4xx.o
 .debug_line    0x000000000000214b       0x88 ./Core/Startup/startup_stm32f401ccux.o

.debug_str      0x0000000000000000    0x7e8c5
 .debug_str     0x0000000000000000     0x320c ./Core/Src/MCAL/MEXTI/MEXTI_prog.o
                                       0x3275 (size before relaxing)
 .debug_str     0x000000000000320c      0x5f7 ./Core/Src/MCAL/MGPIO/MGPIO_prog.o
                                       0x33f2 (size before relaxing)
 .debug_str     0x0000000000003803      0x694 ./Core/Src/MCAL/MNVIC/MNVIC_prog.o
                                       0x34a0 (size before relaxing)
 .debug_str     0x0000000000003e97      0x56a ./Core/Src/MCAL/MRCC/MRRC_prog.o
                                       0x336a (size before relaxing)
 .debug_str     0x0000000000004401      0x32c ./Core/Src/MCAL/MSTK/MSTK_prog.o
                                       0x3148 (size before relaxing)
 .debug_str     0x000000000000472d       0x2d ./Core/Src/main.o
                                       0x3807 (size before relaxing)
 .debug_str     0x000000000000475a    0x79fda ./Core/Src/stm32f4xx_it.o
                                      0x7cf02 (size before relaxing)
 .debug_str     0x000000000007e734      0x15b ./Core/Src/system_stm32f4xx.o
                                      0x7d05a (size before relaxing)
 .debug_str     0x000000000007e88f       0x36 ./Core/Startup/startup_stm32f401ccux.o
                                         0x5b (size before relaxing)

.comment        0x0000000000000000       0x50
 .comment       0x0000000000000000       0x50 ./Core/Src/MCAL/MEXTI/MEXTI_prog.o
                                         0x51 (size before relaxing)
 .comment       0x0000000000000050       0x51 ./Core/Src/MCAL/MGPIO/MGPIO_prog.o
 .comment       0x0000000000000050       0x51 ./Core/Src/MCAL/MNVIC/MNVIC_prog.o
 .comment       0x0000000000000050       0x51 ./Core/Src/MCAL/MRCC/MRRC_prog.o
 .comment       0x0000000000000050       0x51 ./Core/Src/MCAL/MSTK/MSTK_prog.o
 .comment       0x0000000000000050       0x51 ./Core/Src/main.o
 .comment       0x0000000000000050       0x51 ./Core/Src/stm32f4xx_it.o
 .comment       0x0000000000000050       0x51 ./Core/Src/system_stm32f4xx.o

.debug_frame    0x0000000000000000      0x860
 .debug_frame   0x0000000000000000      0x18c ./Core/Src/MCAL/MEXTI/MEXTI_prog.o
 .debug_frame   0x000000000000018c      0x178 ./Core/Src/MCAL/MGPIO/MGPIO_prog.o
 .debug_frame   0x0000000000000304      0x17c ./Core/Src/MCAL/MNVIC/MNVIC_prog.o
 .debug_frame   0x0000000000000480       0xc8 ./Core/Src/MCAL/MRCC/MRRC_prog.o
 .debug_frame   0x0000000000000548      0x144 ./Core/Src/MCAL/MSTK/MSTK_prog.o
 .debug_frame   0x000000000000068c       0x68 ./Core/Src/main.o
 .debug_frame   0x00000000000006f4       0xe8 ./Core/Src/stm32f4xx_it.o
 .debug_frame   0x00000000000007dc       0x58 ./Core/Src/system_stm32f4xx.o
 .debug_frame   0x0000000000000834       0x2c c:/st/stm32cubeide_1.12.0/stm32cubeide/plugins/com.st.stm32cube.ide.mcu.externaltools.gnu-tools-for-stm32.10.3-2021.10.win32_1.0.200.202301161003/tools/bin/../lib/gcc/arm-none-eabi/10.3.1/../../../../arm-none-eabi/lib/thumb/v7e-m+fp/hard\libc_nano.a(lib_a-init.o)
