../Core/Src/MCAL/MEXTI/MEXTI_prog.c:20:6:MEXTI_voidEnableExternalInterrupt	16	static
../Core/Src/MCAL/MEXTI/MEXTI_prog.c:24:6:MEXTI_voidDisableExternalInterrupt	16	static
../Core/Src/MCAL/MEXTI/MEXTI_prog.c:28:6:MEXTI_voidSoftwareInterrupt	16	static
../Core/Src/MCAL/MEXTI/MEXTI_prog.c:32:6:MEXTI_voidTriggerSelect	16	static
../Core/Src/MCAL/MEXTI/MEXTI_prog.c:47:6:MEXTI_voidSetEXTIConfig	16	static
../Core/Src/MCAL/MEXTI/MEXTI_prog.c:69:4:MEXTI_u8EXTISetCallBack	24	static
../Core/Src/MCAL/MEXTI/MEXTI_prog.c:79:6:EXTI0_IRQHandler	8	static
../Core/Src/MCAL/MEXTI/MEXTI_prog.c:89:6:EXTI1_IRQHandler	8	static
../Core/Src/MCAL/MEXTI/MEXTI_prog.c:99:6:EXTI2_IRQHandler	8	static
../Core/Src/MCAL/MEXTI/MEXTI_prog.c:109:6:EXTI3_IRQHandler	8	static
../Core/Src/MCAL/MEXTI/MEXTI_prog.c:119:6:EXTI4_IRQHandler	8	static
